// Jest Snapshot v1, https://goo.gl/fbAQLP

exports[`AppLoader component should have a proper style generator 1`] = `
{
  "card": {
    "fontWeight": "test1",
    "overflow": "unset",
  },
  "cardContentNoPadding": {
    "paddingBottom": "0px !important",
    "paddingLeft": "0px !important",
    "paddingRight": "0px !important",
    "paddingTop": "0px !important",
  },
  "cardHeaderAccent": {
    "backgroundColor": "test3",
    "borderRadius": "4px 4px 0px 0px",
    "color": "test2",
    "overflow": "hidden",
    "padding": "12px 24px",
    "textOverflow": "ellipsis",
    "whiteSpace": "nowrap",
  },
  "cardHeaderPrimary": {
    "backgroundColor": "test4",
    "borderRadius": "4px 4px 0px 0px",
    "color": "test2",
    "overflow": "hidden",
    "padding": "12px 24px",
    "textOverflow": "ellipsis",
    "whiteSpace": "nowrap",
  },
  "fullHeight": {
    "height": "100%",
  },
}
`;
