// Jest Snapshot v1, https://goo.gl/fbAQLP

exports[`ContentLoader snapshots tests renders loader 1`] = `
<div>
  <div
    class="layout-card"
  >
    <div
      class="MuiGrid-root MuiGrid-container css-1bzpx2o-MuiGrid-root"
      data-testid="StandardPage"
      id="StandardPage"
    >
      <div
        class="MuiGrid-root MuiGrid-item MuiGrid-grid-xs-12 css-1idn90j-MuiGrid-root"
      >
        <div
          class="MuiGrid-root MuiGrid-container css-11lq3yg-MuiGrid-root"
        >
          <div
            class="MuiGrid-root MuiGrid-item MuiGrid-grid-xs-12 css-1idn90j-MuiGrid-root"
          >
            <div
              style="padding: 8px;"
            >
              <div
                class="MuiGrid-root MuiGrid-container MuiGrid-spacing-xs-1 css-qiawb8-MuiGrid-root"
              >
                <div
                  class="MuiGrid-root MuiGrid-item MuiGrid-grid-xs-auto css-1wrgmsj-MuiGrid-root"
                  style="text-align: center;"
                >
                  <span
                    aria-labelledby="loading-icon"
                    class="MuiCircularProgress-root MuiCircularProgress-indeterminate MuiCircularProgress-colorPrimary css-1u7zxmb-MuiCircularProgress-root"
                    role="progressbar"
                    style="width: 18px; height: 18px;"
                  >
                    <svg
                      class="MuiCircularProgress-svg css-1idz92c-MuiCircularProgress-svg"
                      viewBox="22 22 44 44"
                    >
                      <circle
                        class="MuiCircularProgress-circle MuiCircularProgress-circleIndeterminate css-176wh8e-MuiCircularProgress-circle"
                        cx="44"
                        cy="44"
                        fill="none"
                        r="21"
                        stroke-width="2"
                      />
                    </svg>
                  </span>
                </div>
                <div
                  class="MuiGrid-root MuiGrid-item MuiGrid-grid-xs-auto css-1wrgmsj-MuiGrid-root"
                  style="text-align: center;"
                >
                  <span
                    class="MuiTypography-root MuiTypography-h5 css-cay52f-MuiTypography-root"
                    id="loading-icon"
                  >
                    Waiting to load...
                  </span>
                </div>
              </div>
            </div>
          </div>
        </div>
      </div>
    </div>
  </div>
</div>
`;
