// Jest Snapshot v1, https://goo.gl/fbAQLP

exports[`Component MinimalFooter should render 1`] = `
<WithStyles(ForwardRef(Grid))
  container={true}
  data-testid="minimal-footer"
>
  <WithStyles(ForwardRef(Grid))
    item={true}
    xs={12}
  >
    <WithStyles(ForwardRef(Grid))
      container={true}
    >
      <WithStyles(ForwardRef(Grid))
        item={true}
        md={10}
        xs={12}
      >
        <div>
          © The University of Queensland 
        </div>
        <div>
          Enquiries: 
          <a
            data-testid="footer-enquiries-link"
            href="tel:+61733651111"
            key="leftColumn-line2-1"
            title="UQ Enquiries phone number"
          >
            +61 7 3365 1111
          </a>
            |  
          <a
            data-testid="footer-contacts-link"
            href="http://uq.edu.au/contacts"
            key="leftColumn-line2-3"
          >
            Contact directory
          </a>
        </div>
        <div>
          <abbr
            key="leftColumn-line3-0"
            title="Australian Business Number"
          >
            ABN
          </abbr>
           
          63 942 912 684 
            |  
          <abbr
            key="leftColumn-line3-4"
            title="Commonwealth Register of Institutions and Courses for Overseas Students"
          >
            CRICOS
          </abbr>
           
          <a
            data-testid="footer-cricos-link"
            href="https://www.uq.edu.au/about/cricos-link"
            key="leftColumn-line3-6"
            title="Provider number"
          >
            00025B
          </a>
        </div>
      </WithStyles(ForwardRef(Grid))>
      <WithStyles(ForwardRef(Grid))
        item={true}
        md={2}
        xs={12}
      >
        <WithStyles(ForwardRef(Typography))
          key="rightColumn-line1-0"
          variant="h3"
        >
          Emergency
        </WithStyles(ForwardRef(Typography))>
        Phone: 
        <a
          data-testid="footer-emergency-link"
          href="tel:+61733653333"
          key="rightColumn-line2-1"
          title="UQ Emergency phone number"
        >
          3365 3333
        </a>
      </WithStyles(ForwardRef(Grid))>
    </WithStyles(ForwardRef(Grid))>
  </WithStyles(ForwardRef(Grid))>
  <WithStyles(ForwardRef(Grid))
    item={true}
    xs={12}
  >
    <div>
      <a
        data-testid="footer-terms-link"
        href="https://www.uq.edu.au/terms-of-use/"
        key="bottomBlock-line1-0"
      >
        Privacy & Terms of use
      </a>
        |  
      <a
        data-testid="footer-feedback-link"
        href="https://support.my.uq.edu.au/app/library/feedback"
        key="bottomBlock-line1-2"
      >
        Feedback
      </a>
    </div>
  </WithStyles(ForwardRef(Grid))>
</WithStyles(ForwardRef(Grid))>
`;
