// Jest Snapshot v1, https://jestjs.io/docs/snapshot-testing

exports[`spaces helpers supports friendly location description and bookable helpers 1`] = `
<React.Fragment>
  <div
    className="location-space location-name"
  >
    Room 1
  </div>
  <div
    className="location-space location-campus"
  >
    St Lucia
  </div>
  <div
    className="location-space location-building"
  >
    Building (42)
  </div>
  <div
    className="location-space location-library"
  >
    Library
     
    <span
      className="location-floor"
    >
      Level 3
    </span>
  </div>
</React.Fragment>
`;
