// Jest Snapshot v1, https://goo.gl/fbAQLP

exports[`Component Megamenu should display mobile correctly 1`] = `
<div
  data-testid="mega-menu"
  id="megamenu"
>
  <WithStyles(ForwardRef(List))
    component="nav"
    data-testid="main-menu"
    id="mainMenu"
  >
    <div
      key="menucontainer-item-0"
    >
      <WithStyles(ForwardRef(ListItem))
        button={true}
        className="submenuheader"
        data-testid="megamenu-submenus-item-0"
        id="megamenu-submenus-item-0"
        key="megamenu-submenus-item-0"
        onClick={[Function]}
      >
        <WithStyles(ForwardRef(ListItemText))
          classes={
            Object {
              "primary": undefined,
              "secondary": undefined,
            }
          }
          primary="Primary text 0"
          secondary="secondary text 0"
        />
      </WithStyles(ForwardRef(ListItem))>
    </div>
    <div
      key="menucontainer-item-1"
    >
      <WithStyles(ForwardRef(ListItem))
        button={true}
        className="submenuheader"
        data-testid="megamenu-submenus-item-1"
        id="megamenu-submenus-item-1"
        key="megamenu-submenus-item-1"
        onClick={[Function]}
      >
        <WithStyles(ForwardRef(ListItemText))
          classes={
            Object {
              "primary": undefined,
              "secondary": undefined,
            }
          }
          primary="Primary text 1"
          secondary="secondary text 1"
        />
      </WithStyles(ForwardRef(ListItem))>
    </div>
  </WithStyles(ForwardRef(List))>
</div>
`;

exports[`Component Megamenu should render empty drawer 1`] = `
<div
  className="megamenu empty"
  data-testid="mega-menu-empty"
/>
`;

exports[`Component Megamenu should render opened drawer with menus 1`] = `
<div
  data-testid="mega-menu"
  id="megamenu"
>
  <WithStyles(ForwardRef(List))
    component="nav"
    data-testid="main-menu"
    id="mainMenu"
  >
    <div
      key="menucontainer-item-0"
    >
      <WithStyles(ForwardRef(ListItem))
        button={true}
        className="submenuheader"
        data-testid="megamenu-submenus-item-0"
        id="megamenu-submenus-item-0"
        key="megamenu-submenus-item-0"
        onClick={[Function]}
      >
        <WithStyles(ForwardRef(ListItemText))
          classes={
            Object {
              "primary": undefined,
              "secondary": undefined,
            }
          }
          primary="Primary text 0"
          secondary="secondary text 0"
        />
      </WithStyles(ForwardRef(ListItem))>
    </div>
    <div
      key="menucontainer-item-1"
    >
      <WithStyles(ForwardRef(ListItem))
        button={true}
        className="submenuheader"
        data-testid="megamenu-submenus-item-1"
        id="megamenu-submenus-item-1"
        key="megamenu-submenus-item-1"
        onClick={[Function]}
      >
        <WithStyles(ForwardRef(ListItemText))
          classes={
            Object {
              "primary": undefined,
              "secondary": undefined,
            }
          }
          primary="Primary text 1"
          secondary="secondary text 1"
        />
      </WithStyles(ForwardRef(ListItem))>
    </div>
  </WithStyles(ForwardRef(List))>
</div>
`;
